* Creating isolated environment: venv+pip...
* Installing packages in isolated environment:
  - setuptools>=80.9
* Getting build dependencies for sdist...
running egg_info
writing gangnamfly.egg-info/PKG-INFO
writing dependency_links to gangnamfly.egg-info/dependency_links.txt
writing requirements to gangnamfly.egg-info/requires.txt
writing top-level names to gangnamfly.egg-info/top_level.txt
reading manifest file 'gangnamfly.egg-info/SOURCES.txt'
writing manifest file 'gangnamfly.egg-info/SOURCES.txt'
* Installed build dependency versions:
  - setuptools==84.0.0
* Building sdist...
running sdist
running egg_info
writing gangnamfly.egg-info/PKG-INFO
writing dependency_links to gangnamfly.egg-info/dependency_links.txt
writing requirements to gangnamfly.egg-info/requires.txt
writing top-level names to gangnamfly.egg-info/top_level.txt
reading manifest file 'gangnamfly.egg-info/SOURCES.txt'
writing manifest file 'gangnamfly.egg-info/SOURCES.txt'
running check
creating gangnamfly-0.1.0
creating gangnamfly-0.1.0/gangnamfly
creating gangnamfly-0.1.0/gangnamfly.egg-info
creating gangnamfly-0.1.0/tests
copying files to gangnamfly-0.1.0...
copying README.md -> gangnamfly-0.1.0
copying pyproject.toml -> gangnamfly-0.1.0
copying gangnamfly/__init__.py -> gangnamfly-0.1.0/gangnamfly
copying gangnamfly/adapters.py -> gangnamfly-0.1.0/gangnamfly
copying gangnamfly/brain.py -> gangnamfly-0.1.0/gangnamfly
copying gangnamfly/config.py -> gangnamfly-0.1.0/gangnamfly
copying gangnamfly/controls.py -> gangnamfly-0.1.0/gangnamfly
copying gangnamfly/environment.py -> gangnamfly-0.1.0/gangnamfly
copying gangnamfly/episode.py -> gangnamfly-0.1.0/gangnamfly
copying gangnamfly/experiment.py -> gangnamfly-0.1.0/gangnamfly
copying gangnamfly/main.py -> gangnamfly-0.1.0/gangnamfly
copying gangnamfly/mapping.py -> gangnamfly-0.1.0/gangnamfly
copying gangnamfly/plasticity.py -> gangnamfly-0.1.0/gangnamfly
copying gangnamfly/prepare.py -> gangnamfly-0.1.0/gangnamfly
copying gangnamfly/provenance.py -> gangnamfly-0.1.0/gangnamfly
copying gangnamfly/reference.py -> gangnamfly-0.1.0/gangnamfly
copying gangnamfly/replay.py -> gangnamfly-0.1.0/gangnamfly
copying gangnamfly/runtime.py -> gangnamfly-0.1.0/gangnamfly
copying gangnamfly/server.py -> gangnamfly-0.1.0/gangnamfly
copying gangnamfly/verify.py -> gangnamfly-0.1.0/gangnamfly
copying gangnamfly.egg-info/PKG-INFO -> gangnamfly-0.1.0/gangnamfly.egg-info
copying gangnamfly.egg-info/SOURCES.txt -> gangnamfly-0.1.0/gangnamfly.egg-info
copying gangnamfly.egg-info/dependency_links.txt -> gangnamfly-0.1.0/gangnamfly.egg-info
copying gangnamfly.egg-info/requires.txt -> gangnamfly-0.1.0/gangnamfly.egg-info
copying gangnamfly.egg-info/top_level.txt -> gangnamfly-0.1.0/gangnamfly.egg-info
copying tests/test_core.py -> gangnamfly-0.1.0/tests
copying tests/test_environment.py -> gangnamfly-0.1.0/tests
copying tests/test_episode.py -> gangnamfly-0.1.0/tests
copying tests/test_integration.py -> gangnamfly-0.1.0/tests
copying tests/test_server.py -> gangnamfly-0.1.0/tests
Writing gangnamfly-0.1.0/setup.cfg
Creating tar archive
removing 'gangnamfly-0.1.0' (and everything under it)
* Building wheel from sdist
* Creating isolated environment: venv+pip...
* Installing packages in isolated environment:
  - setuptools>=80.9
* Getting build dependencies for wheel...
running egg_info
writing gangnamfly.egg-info/PKG-INFO
writing dependency_links to gangnamfly.egg-info/dependency_links.txt
writing requirements to gangnamfly.egg-info/requires.txt
writing top-level names to gangnamfly.egg-info/top_level.txt
reading manifest file 'gangnamfly.egg-info/SOURCES.txt'
writing manifest file 'gangnamfly.egg-info/SOURCES.txt'
* Installed build dependency versions:
  - setuptools==84.0.0
* Building wheel...
running bdist_wheel
running build
running build_py
creating build/lib/gangnamfly
copying gangnamfly/controls.py -> build/lib/gangnamfly
copying gangnamfly/server.py -> build/lib/gangnamfly
copying gangnamfly/config.py -> build/lib/gangnamfly
copying gangnamfly/episode.py -> build/lib/gangnamfly
copying gangnamfly/__init__.py -> build/lib/gangnamfly
copying gangnamfly/runtime.py -> build/lib/gangnamfly
copying gangnamfly/experiment.py -> build/lib/gangnamfly
copying gangnamfly/brain.py -> build/lib/gangnamfly
copying gangnamfly/replay.py -> build/lib/gangnamfly
copying gangnamfly/plasticity.py -> build/lib/gangnamfly
copying gangnamfly/environment.py -> build/lib/gangnamfly
copying gangnamfly/reference.py -> build/lib/gangnamfly
copying gangnamfly/provenance.py -> build/lib/gangnamfly
copying gangnamfly/verify.py -> build/lib/gangnamfly
copying gangnamfly/main.py -> build/lib/gangnamfly
copying gangnamfly/mapping.py -> build/lib/gangnamfly
copying gangnamfly/prepare.py -> build/lib/gangnamfly
copying gangnamfly/adapters.py -> build/lib/gangnamfly
running egg_info
writing gangnamfly.egg-info/PKG-INFO
writing dependency_links to gangnamfly.egg-info/dependency_links.txt
writing requirements to gangnamfly.egg-info/requires.txt
writing top-level names to gangnamfly.egg-info/top_level.txt
reading manifest file 'gangnamfly.egg-info/SOURCES.txt'
writing manifest file 'gangnamfly.egg-info/SOURCES.txt'
installing to build/bdist.macosx-11.0-arm64/wheel
running install
running install_lib
creating build/bdist.macosx-11.0-arm64/wheel
creating build/bdist.macosx-11.0-arm64/wheel/gangnamfly
copying build/lib/gangnamfly/controls.py -> build/bdist.macosx-11.0-arm64/wheel/./gangnamfly
copying build/lib/gangnamfly/server.py -> build/bdist.macosx-11.0-arm64/wheel/./gangnamfly
copying build/lib/gangnamfly/config.py -> build/bdist.macosx-11.0-arm64/wheel/./gangnamfly
copying build/lib/gangnamfly/episode.py -> build/bdist.macosx-11.0-arm64/wheel/./gangnamfly
copying build/lib/gangnamfly/__init__.py -> build/bdist.macosx-11.0-arm64/wheel/./gangnamfly
copying build/lib/gangnamfly/runtime.py -> build/bdist.macosx-11.0-arm64/wheel/./gangnamfly
copying build/lib/gangnamfly/experiment.py -> build/bdist.macosx-11.0-arm64/wheel/./gangnamfly
copying build/lib/gangnamfly/brain.py -> build/bdist.macosx-11.0-arm64/wheel/./gangnamfly
copying build/lib/gangnamfly/replay.py -> build/bdist.macosx-11.0-arm64/wheel/./gangnamfly
copying build/lib/gangnamfly/plasticity.py -> build/bdist.macosx-11.0-arm64/wheel/./gangnamfly
copying build/lib/gangnamfly/environment.py -> build/bdist.macosx-11.0-arm64/wheel/./gangnamfly
copying build/lib/gangnamfly/reference.py -> build/bdist.macosx-11.0-arm64/wheel/./gangnamfly
copying build/lib/gangnamfly/provenance.py -> build/bdist.macosx-11.0-arm64/wheel/./gangnamfly
copying build/lib/gangnamfly/verify.py -> build/bdist.macosx-11.0-arm64/wheel/./gangnamfly
copying build/lib/gangnamfly/main.py -> build/bdist.macosx-11.0-arm64/wheel/./gangnamfly
copying build/lib/gangnamfly/mapping.py -> build/bdist.macosx-11.0-arm64/wheel/./gangnamfly
copying build/lib/gangnamfly/prepare.py -> build/bdist.macosx-11.0-arm64/wheel/./gangnamfly
copying build/lib/gangnamfly/adapters.py -> build/bdist.macosx-11.0-arm64/wheel/./gangnamfly
running install_egg_info
Copying gangnamfly.egg-info to build/bdist.macosx-11.0-arm64/wheel/./gangnamfly-0.1.0-py3.11.egg-info
running install_scripts
creating build/bdist.macosx-11.0-arm64/wheel/gangnamfly-0.1.0.dist-info/WHEEL
creating '/Users/maruzza/bike-fly/dist/.tmp-fesbj7lu/gangnamfly-0.1.0-py3-none-any.whl' and adding 'build/bdist.macosx-11.0-arm64/wheel' to it
adding 'gangnamfly/__init__.py'
adding 'gangnamfly/adapters.py'
adding 'gangnamfly/brain.py'
adding 'gangnamfly/config.py'
adding 'gangnamfly/controls.py'
adding 'gangnamfly/environment.py'
adding 'gangnamfly/episode.py'
adding 'gangnamfly/experiment.py'
adding 'gangnamfly/main.py'
adding 'gangnamfly/mapping.py'
adding 'gangnamfly/plasticity.py'
adding 'gangnamfly/prepare.py'
adding 'gangnamfly/provenance.py'
adding 'gangnamfly/reference.py'
adding 'gangnamfly/replay.py'
adding 'gangnamfly/runtime.py'
adding 'gangnamfly/server.py'
adding 'gangnamfly/verify.py'
adding 'gangnamfly-0.1.0.dist-info/METADATA'
adding 'gangnamfly-0.1.0.dist-info/WHEEL'
adding 'gangnamfly-0.1.0.dist-info/top_level.txt'
adding 'gangnamfly-0.1.0.dist-info/RECORD'
removing build/bdist.macosx-11.0-arm64/wheel
Successfully built gangnamfly-0.1.0.tar.gz and gangnamfly-0.1.0-py3-none-any.whl
